[compute_means] started at 20260520_145913
============================================================
Computing domain means and concept vectors
  Components: ['attn', 'mlp', 'layer']
  Mode: last
  Domains: ['cs', 'eess', 'math', 'physics', 'q-bio', 'stat']

  cs: 15000 samples
    attn: mean computed
    mlp: mean computed
    layer: mean computed
  eess: 14560 samples
    attn: mean computed
    mlp: mean computed
    layer: mean computed
  math: 15000 samples
    attn: mean computed
    mlp: mean computed
    layer: mean computed
  physics: 15000 samples
    attn: mean computed
    mlp: mean computed
    layer: mean computed
  q-bio: 15000 samples
    attn: mean computed
    mlp: mean computed
    layer: mean computed
  stat: 15000 samples
    attn: mean computed
    mlp: mean computed
    layer: mean computed

  Saved to /home/psquare_a6000/Desktop/insideLLMs/KAUSTUBH/results/domain_means.npz
  Time: 246.5s

  Concept vector norms at layer 14 (mid-depth):
    attn: ['2.14', '2.39', '3.28', '2.51', '1.65', '2.21']
    mlp: ['3.56', '3.95', '4.85', '3.77', '2.93', '3.57']
    layer: ['9.25', '10.40', '14.58', '9.78', '8.02', '8.69']
