[run_probe] started at 20260520_152042
============================================================
Linear Probing Experiment
  Samples/domain: 2000
  Components: ['attn', 'mlp', 'layer']
  Layers: 0-27
  Mode: last

  [1/84] attn L 0: acc=0.7811  (ETA: 845s)
  [2/84] attn L 1: acc=0.7517  (ETA: 774s)
  [3/84] attn L 2: acc=0.8156  (ETA: 731s)
  [4/84] attn L 3: acc=0.7606  (ETA: 704s)
  [5/84] attn L 4: acc=0.8311  (ETA: 682s)
  [6/84] attn L 5: acc=0.8267  (ETA: 667s)
  [7/84] attn L 6: acc=0.8528  (ETA: 652s)
  [8/84] attn L 7: acc=0.8631  (ETA: 638s)
  [9/84] attn L 8: acc=0.8772  (ETA: 625s)
  [10/84] attn L 9: acc=0.8914  (ETA: 613s)
  [11/84] attn L10: acc=0.8836  (ETA: 601s)
  [12/84] attn L11: acc=0.8239  (ETA: 590s)
  [13/84] attn L12: acc=0.8314  (ETA: 580s)
  [14/84] attn L13: acc=0.8642  (ETA: 570s)
  [15/84] attn L14: acc=0.8406  (ETA: 561s)
  [16/84] attn L15: acc=0.7939  (ETA: 552s)
  [17/84] attn L16: acc=0.7847  (ETA: 543s)
  [18/84] attn L17: acc=0.7744  (ETA: 535s)
  [19/84] attn L18: acc=0.7975  (ETA: 526s)
  [20/84] attn L19: acc=0.8914  (ETA: 517s)
  [21/84] attn L20: acc=0.8367  (ETA: 508s)
  [22/84] attn L21: acc=0.8822  (ETA: 500s)
  [23/84] attn L22: acc=0.9128  (ETA: 491s)
  [24/84] attn L23: acc=0.8928  (ETA: 482s)
  [25/84] attn L24: acc=0.8875  (ETA: 473s)
  [26/84] attn L25: acc=0.8814  (ETA: 465s)
  [27/84] attn L26: acc=0.8594  (ETA: 456s)
  [28/84] attn L27: acc=0.8703  (ETA: 447s)
  [29/84] mlp L 0: acc=0.7611  (ETA: 441s)
  [30/84] mlp L 1: acc=0.7539  (ETA: 439s)
  [31/84] mlp L 2: acc=0.7814  (ETA: 433s)
  [32/84] mlp L 3: acc=0.7647  (ETA: 426s)
  [33/84] mlp L 4: acc=0.7844  (ETA: 419s)
  [34/84] mlp L 5: acc=0.8108  (ETA: 411s)
  [35/84] mlp L 6: acc=0.8311  (ETA: 402s)
  [36/84] mlp L 7: acc=0.8492  (ETA: 394s)
  [37/84] mlp L 8: acc=0.8511  (ETA: 385s)
  [38/84] mlp L 9: acc=0.8850  (ETA: 376s)
  [39/84] mlp L10: acc=0.8769  (ETA: 368s)
  [40/84] mlp L11: acc=0.8589  (ETA: 359s)
  [41/84] mlp L12: acc=0.8514  (ETA: 350s)
  [42/84] mlp L13: acc=0.8578  (ETA: 342s)
  [43/84] mlp L14: acc=0.8531  (ETA: 333s)
  [44/84] mlp L15: acc=0.8286  (ETA: 325s)
  [45/84] mlp L16: acc=0.8058  (ETA: 317s)
  [46/84] mlp L17: acc=0.8011  (ETA: 308s)
  [47/84] mlp L18: acc=0.8194  (ETA: 300s)
  [48/84] mlp L19: acc=0.8792  (ETA: 292s)
  [49/84] mlp L20: acc=0.8703  (ETA: 283s)
  [50/84] mlp L21: acc=0.8819  (ETA: 275s)
  [51/84] mlp L22: acc=0.8978  (ETA: 267s)
  [52/84] mlp L23: acc=0.8975  (ETA: 259s)
  [53/84] mlp L24: acc=0.8997  (ETA: 251s)
  [54/84] mlp L25: acc=0.9006  (ETA: 242s)
  [55/84] mlp L26: acc=0.8981  (ETA: 234s)
  [56/84] mlp L27: acc=0.8933  (ETA: 226s)
  [57/84] layer L 0: acc=0.7792  (ETA: 218s)
  [58/84] layer L 1: acc=0.7878  (ETA: 211s)
  [59/84] layer L 2: acc=0.8133  (ETA: 202s)
  [60/84] layer L 3: acc=0.8169  (ETA: 194s)
  [61/84] layer L 4: acc=0.8339  (ETA: 186s)
  [62/84] layer L 5: acc=0.8314  (ETA: 178s)
  [63/84] layer L 6: acc=0.8450  (ETA: 170s)
  [64/84] layer L 7: acc=0.8653  (ETA: 162s)
  [65/84] layer L 8: acc=0.8728  (ETA: 154s)
  [66/84] layer L 9: acc=0.8858  (ETA: 145s)
  [67/84] layer L10: acc=0.8844  (ETA: 137s)
  [68/84] layer L11: acc=0.8783  (ETA: 129s)
  [69/84] layer L12: acc=0.8706  (ETA: 121s)
  [70/84] layer L13: acc=0.8692  (ETA: 113s)
  [71/84] layer L14: acc=0.8661  (ETA: 105s)
  [72/84] layer L15: acc=0.8608  (ETA: 97s)
  [73/84] layer L16: acc=0.8567  (ETA: 89s)
  [74/84] layer L17: acc=0.8525  (ETA: 81s)
  [75/84] layer L18: acc=0.8492  (ETA: 73s)
  [76/84] layer L19: acc=0.8894  (ETA: 65s)
  [77/84] layer L20: acc=0.8944  (ETA: 56s)
  [78/84] layer L21: acc=0.9006  (ETA: 48s)
  [79/84] layer L22: acc=0.9119  (ETA: 40s)
  [80/84] layer L23: acc=0.9183  (ETA: 32s)
  [81/84] layer L24: acc=0.9142  (ETA: 24s)
  [82/84] layer L25: acc=0.9164  (ETA: 16s)
  [83/84] layer L26: acc=0.9156  (ETA: 8s)
  [84/84] layer L27: acc=0.9136  (ETA: 0s)

============================================================
Results (samples/domain=2000, time=676s)
============================================================
  Component      Mean Acc   Peak Layer   Peak Acc       CV
  ----------------------------------------------------
  attn             0.8414          L22     0.9128   0.0527
  mlp              0.8444          L25     0.9006   0.0540
  layer            0.8676          L23     0.9183   0.0435

  Saved to /home/psquare_a6000/Desktop/insideLLMs/KAUSTUBH/results/probe/
